// Jest Snapshot v1, https://goo.gl/fbAQLP

exports[`Pruebas en el componente GifGridItem Debe mostrar el componente correctamente 1`] = `
<div
  className="card animate__animated animate__fadeInLeftBig"
>
  <img
    alt="title"
    src="url"
  />
  <p>
    title
  </p>
</div>
`;
